 +-----------------------------------------------------------------+
 +                         Program ALM                             +
 +                             Ver.  1.9.9                         +
 +-----------------------------------------------------------------+

 Number of OpenMP threads = 12

 Job started at Thu Jun 11 17:20:22 2026


 Input variables:
 -------------------------------------------------------------------
 General:
  PREFIX = cBTO222
  MODE = optimize
  NAT = 0; NKD = 0
  PRINTSYM = 0; TOLERANCE = 0.001
  KD = 
  FCSYM_BASIS = Lattice
  PERIODIC =   1  1  1
  MAGMOM = 
  FCS_ALAMODE = 1;  NMAXSAVE = 5
  FC3_SHENGBTE = 0
  FC4_SHENGBTE = 0
  FC2_QEFC = 0
  HESSIAN = 0
  FC_ZERO_THR = 1e-12

 Interaction:
  NORDER = 3
  NBODY =   2  3  3

 Optimize:
  LMODEL = elastic-net
  DFSET = DFSET_AIMD_random
  NDATA = 80; NSTART = 1; NEND = 80   SKIP = 

  ICONST = 11
  ROTAXIS = 
  FC2FIX = ../../cBTO222_harmonic.xml
  FC3FIX = 

  SPARSE = 0
  SPARSESOLVER = SimplicialLDLT
  CONV_TOL = 1e-09
  MAXITER = 10000
  PERIODIC_IMAGE_CONV = 1

 Elastic-net related variables:
  CV =     0
  DFSET_CV = DFSET_AIMD_random
  NDATA_CV = 0; NSTART_CV = 0; NEND_CV = 0

  L1_RATIO = 1
  L1_ALPHA = 2.51189e-06
  CV_MINALPHA = 1e-08; CV_MAXALPHA = 0.01;  CV_NALPHA = 30
  STANDARDIZE = 1
  ENET_DNORM = 1
  NWRITE =  1000
  DEBIAS_OLS = 0

 -------------------------------------------------------------------

 ===================
  CRYSTAL STRUCTURE 
 ===================

  ++++++++++++
   Input Cell 
  ++++++++++++

   Lattice Vector (bohr)
    1.506319e+01   0.000000e+00   0.000000e+00 : a1
    0.000000e+00   1.506319e+01   0.000000e+00 : a2
    0.000000e+00   0.000000e+00   1.506319e+01 : a3

   Number of atoms : 40

   Atomic species:
     1   Ba
     2   Ti
     3    O


  ++++++++++++++++
   Primitive Cell 
  ++++++++++++++++

   Lattice Vector (bohr)
    7.531597e+00   0.000000e+00   0.000000e+00 : a1
    0.000000e+00   7.531597e+00   0.000000e+00 : a2
    0.000000e+00   0.000000e+00   7.531597e+00 : a3

   Number of atoms : 5

   Atomic positions in fractional basis and atomic species
     1   0.000000e+00   0.000000e+00   0.000000e+00   Ba
     2   5.000000e-01   5.000000e-01   5.000000e-01   Ti
     3   0.000000e+00   5.000000e-01   5.000000e-01    O
     4   5.000000e-01   0.000000e+00   5.000000e-01    O
     5   5.000000e-01   5.000000e-01   0.000000e+00    O


  ++++++++++++
   Super Cell 
  ++++++++++++

   Lattice Vector (bohr)
    1.506319e+01   0.000000e+00   0.000000e+00 : a1
    0.000000e+00   1.506319e+01   0.000000e+00 : a2
    0.000000e+00   0.000000e+00   1.506319e+01 : a3

   Number of atoms : 40

   Supercell contains     8 primitive cells



  Time Elapsed: 0.017924 sec.

 -------------------------------------------------------------------

 ==========
  SYMMETRY 
 ==========

  Space group: Pm-3m (221)
  Number of symmetry operations of the primitive cell = 48


  ---------------------------------------------------------
         List of primitive cell translation vectors        
  ---------------------------------------------------------

  ┌────────┬───────────────────┬──────────────────────────┐
  │ Cell # │   Shift  vector   │        Atom index        │
  │        │ (Primitive basis) │(Numbers in the supercell)│
  ├────────┼───────────────────┼──────────────────────────┤
  │      1 │   (   0  0  0 )   │    1    9   17   21   23 │
  ├────────┼───────────────────┼──────────────────────────┤
  │      2 │   (   0  0  1 )   │    2   10   18   22   24 │
  ├────────┼───────────────────┼──────────────────────────┤
  │      3 │   (   0  1  0 )   │    3   11   19   25   27 │
  ├────────┼───────────────────┼──────────────────────────┤
  │      4 │   (   0  1  1 )   │    4   12   20   26   28 │
  ├────────┼───────────────────┼──────────────────────────┤
  │      5 │   (   1  0  0 )   │    5   13   29   33   35 │
  ├────────┼───────────────────┼──────────────────────────┤
  │      6 │   (   1  0  1 )   │    6   14   30   34   36 │
  ├────────┼───────────────────┼──────────────────────────┤
  │      7 │   (   1  1  0 )   │    7   15   31   37   39 │
  ├────────┼───────────────────┼──────────────────────────┤
  │      8 │   (   1  1  1 )   │    8   16   32   38   40 │
  └────────┴───────────────────┴──────────────────────────┘

  Time Elapsed: 0.02752 sec.

 -------------------------------------------------------------------

 =============
  INTERACTION 
 =============

check permutation symmetry of the clusters.
(if no message is printed out, the permutation symmetry is satisfied.)
  CUBIC ...
  QUARTIC ...
done.

  +++ Cutoff Radii Matrix (NKD x NKD matrix) +++
   HARMONIC
     None     None     None
     None     None     None
     None     None     None

    ANHARM3
       15       15       15
       15       15       15
       15       15       15

    ANHARM4
        9        9        9
        9        9        9
        9        9        9


  List of neighboring atoms below.
  Format [N th-nearest shell, distance (Number of atoms on the shell)]

    1 ( Ba):   1   5.32564 ( 12) -  17(  O)  18(  O)  19(  O)  20(  O)
                                    21(  O)  22(  O)  23(  O)  27(  O)
                                    33(  O)  34(  O)  35(  O)  39(  O)
               2   6.52255 (  8) -   9( Ti)  10( Ti)  11( Ti)  12( Ti)
                                    13( Ti)  14( Ti)  15( Ti)  16( Ti)
               3    7.5316 (  3) -   2( Ba)   3( Ba)   5( Ba)
               4   9.22428 ( 12) -  24(  O)  25(  O)  26(  O)  28(  O)
                                    29(  O)  30(  O)  31(  O)  32(  O)
                                    36(  O)  37(  O)  38(  O)  40(  O)
               5   10.6513 (  3) -   4( Ba)   6( Ba)   7( Ba)
               6   13.0451 (  1) -   8( Ba)

    9 ( Ti):   1    3.7658 (  6) -  17(  O)  21(  O)  23(  O)  24(  O)
                                    25(  O)  29(  O)
               2   6.52255 (  8) -   1( Ba)   2( Ba)   3( Ba)   4( Ba)
                                     5( Ba)   6( Ba)   7( Ba)   8( Ba)
               3    7.5316 (  3) -  10( Ti)  11( Ti)  13( Ti)
               4   8.42058 ( 12) -  18(  O)  19(  O)  22(  O)  26(  O)
                                    27(  O)  28(  O)  30(  O)  31(  O)
                                    33(  O)  35(  O)  36(  O)  37(  O)
               5   10.6513 (  3) -  12( Ti)  14( Ti)  15( Ti)
               6   11.2974 (  6) -  20(  O)  32(  O)  34(  O)  38(  O)
                                    39(  O)  40(  O)
               7   13.0451 (  1) -  16( Ti)

   17 (  O):   1    3.7658 (  2) -   9( Ti)  13( Ti)
               2   5.32564 ( 12) -   1( Ba)   2( Ba)   3( Ba)   4( Ba)
                                    21(  O)  23(  O)  24(  O)  25(  O)
                                    33(  O)  35(  O)  36(  O)  37(  O)
               3    7.5316 (  3) -  18(  O)  19(  O)  29(  O)
               4   8.42058 (  4) -  10( Ti)  11( Ti)  14( Ti)  15( Ti)
               5   9.22428 ( 12) -   5( Ba)   6( Ba)   7( Ba)   8( Ba)
                                    22(  O)  26(  O)  27(  O)  28(  O)
                                    34(  O)  38(  O)  39(  O)  40(  O)
               6   10.6513 (  3) -  20(  O)  30(  O)  31(  O)
               7   11.2974 (  2) -  12( Ti)  16( Ti)
               8   13.0451 (  1) -  32(  O)

   21 (  O):   1    3.7658 (  2) -   9( Ti)  11( Ti)
               2   5.32564 ( 12) -   1( Ba)   2( Ba)   5( Ba)   6( Ba)
                                    17(  O)  19(  O)  23(  O)  24(  O)
                                    27(  O)  28(  O)  29(  O)  31(  O)
               3    7.5316 (  3) -  22(  O)  25(  O)  33(  O)
               4   8.42058 (  4) -  10( Ti)  12( Ti)  13( Ti)  15( Ti)
               5   9.22428 ( 12) -   3( Ba)   4( Ba)   7( Ba)   8( Ba)
                                    18(  O)  20(  O)  30(  O)  32(  O)
                                    35(  O)  36(  O)  39(  O)  40(  O)
               6   10.6513 (  3) -  26(  O)  34(  O)  37(  O)
               7   11.2974 (  2) -  14( Ti)  16( Ti)
               8   13.0451 (  1) -  38(  O)

   23 (  O):   1    3.7658 (  2) -   9( Ti)  10( Ti)
               2   5.32564 ( 12) -   1( Ba)   3( Ba)   5( Ba)   7( Ba)
                                    17(  O)  18(  O)  21(  O)  22(  O)
                                    25(  O)  26(  O)  29(  O)  30(  O)
               3    7.5316 (  3) -  24(  O)  27(  O)  35(  O)
               4   8.42058 (  4) -  11( Ti)  12( Ti)  13( Ti)  14( Ti)
               5   9.22428 ( 12) -   2( Ba)   4( Ba)   6( Ba)   8( Ba)
                                    19(  O)  20(  O)  31(  O)  32(  O)
                                    33(  O)  34(  O)  37(  O)  38(  O)
               6   10.6513 (  3) -  28(  O)  36(  O)  39(  O)
               7   11.2974 (  2) -  15( Ti)  16( Ti)
               8   13.0451 (  1) -  40(  O)

  For  ANHARM4, interactions related to more than 3 atoms will be neglected.
  Time Elapsed: 0.107517 sec.

 -------------------------------------------------------------------

 ================
  FORCE CONSTANT 
 ================

  Symmetry is handled in crystallographic (fractional) coordinates.

  Number of  HARMONIC FCs : 49
  Number of   ANHARM3 FCs : 746
  Number of   ANHARM4 FCs : 1208

  Time Elapsed: 0.339762 sec.

 -------------------------------------------------------------------

 ============
  CONSTRAINT 
 ============

  ICONST = 1: Constraints for translational invariance
              will be considered.

  FC2FIX is given : Harmonic force constants will be 
                    fixed to the values given in ../../cBTO222_harmonic.xml

  Generating constraints for translational invariance ...
   HARMONIC ... done.
    ANHARM3 ... done.
    ANHARM4 ... done.
  Finished !

  Number of constraints [T-inv, R-inv (self), R-inv (cross)]:
   HARMONIC      4    0    0
    ANHARM3     97    0    0
    ANHARM4    704    0    0

  Constraints of T-inv and R-inv (self) are merged.
  If there are redundant constraints, they are removed in this process.

  Number of inequivalent constraints (self, cross) : 
   HARMONIC      4    0
    ANHARM3     97    0
    ANHARM4    666    0

  ICONST >= 10 : Constraints will be considered algebraically.

  Number of free HARMONIC FCs : 0
  Number of free  ANHARM3 FCs : 649
  Number of free  ANHARM4 FCs : 542

  Time Elapsed: 0.540273 sec.

 -------------------------------------------------------------------

 ==============
  OPTIMIZATION 
 ==============

  LMODEL = elastic-net

  Training data file (DFSET) : DFSET_AIMD_random

  NSTART = 1; NEND = 80
  80 entries will be used for training.

  Total Number of Parameters : 2003
  Total Number of Free Parameters : 1191

  Elastic-net minimization with the following parameters:
   L1_RATIO = 1
   ENET_DNORM =               1
  STANDARDIZE = 1 : Standardization will be performed for matrix A and vector b.
                    The ENET_DNORM-tag will be neglected.

   L1_ALPHA =     2.51189e-06
   CONV_TOL =           1e-09
   MAXITER = 10000

  RESIDUAL (%): 3.91121
  Number of non-zero  HARMONIC FCs : 0
  Number of non-zero   ANHARM3 FCs : 514
  Number of non-zero   ANHARM4 FCs : 416


  Time Elapsed: 3.42999 sec.

 -------------------------------------------------------------------

 The following files are created:

 Force constants in a human-readable format : cBTO222.fcs
 Input data for the phonon code ANPHON      : cBTO222.xml
 Input data for the phonon code ANPHON      : cBTO222.h5

 Job finished at Thu Jun 11 17:20:38 2026

