 +-----------------------------------------------------------------+
 +                         Program ALM                             +
 +                             Ver.  1.9.9                         +
 +-----------------------------------------------------------------+

 Number of OpenMP threads = 12

 Job started at Sat Jul  4 12:51:03 2026


 Input variables:
 -------------------------------------------------------------------
 General:
  PREFIX = si222_harmonic
  MODE = optimize
  NAT = 0; NKD = 0
  PRINTSYM = 0; TOLERANCE = 0.001
  KD = 
  FCSYM_BASIS = Lattice
  PERIODIC =   1  1  1
  MAGMOM = 
  FCS_ALAMODE = 1;  NMAXSAVE = 5
  FC3_SHENGBTE = 0
  FC4_SHENGBTE = 0
  FC2_QEFC = 0
  HESSIAN = 0
  FC_ZERO_THR = 1e-12
  LENGTH_UNIT = bohr; FORCE_UNIT = Ry/bohr
  FCS_UNIT_OUTPUT = Ry/bohr

 Interaction:
  NORDER = 1
  NBODY =   2

 Optimize:
  LMODEL = least-squares
  DFSET = DFSET_harmonic
  NDATA = 1; NSTART = 1; NEND = 1   SKIP = 

  ICONST = 11
  ROTAXIS = 
  FC2FIX = 
  FC3FIX = 

  SPARSE = 0
  SPARSESOLVER = SimplicialLDLT
  CONV_TOL = 1e-08
  MAXITER = 10000
  PERIODIC_IMAGE_CONV = 1

 -------------------------------------------------------------------

 ===================
  CRYSTAL STRUCTURE 
 ===================

  ++++++++++++
   Input Cell 
  ++++++++++++

   Lattice Vector (bohr)
    2.052621e+01   0.000000e+00   0.000000e+00 : a1
    0.000000e+00   2.052621e+01   0.000000e+00 : a2
    0.000000e+00   0.000000e+00   2.052621e+01 : a3

   Number of atoms : 64

   Atomic species:
     1   Si


  ++++++++++++++++
   Primitive Cell 
  ++++++++++++++++

   Lattice Vector (bohr)
    0.000000e+00   5.131551e+00   5.131551e+00 : a1
    5.131551e+00   0.000000e+00   5.131551e+00 : a2
    5.131551e+00   5.131551e+00   0.000000e+00 : a3

   Number of atoms : 2

   Atomic positions in fractional basis and atomic species
     1   0.000000e+00   0.000000e+00   0.000000e+00   Si
     2   2.500000e-01   2.500000e-01   2.500000e-01   Si


  ++++++++++++
   Super Cell 
  ++++++++++++

   Lattice Vector (bohr)
    2.052621e+01   0.000000e+00   0.000000e+00 : a1
    0.000000e+00   2.052621e+01   0.000000e+00 : a2
    0.000000e+00   0.000000e+00   2.052621e+01 : a3

   Number of atoms : 64

   Supercell contains    32 primitive cells



  Time Elapsed: 0.016621 sec.

 -------------------------------------------------------------------

 ==========
  SYMMETRY 
 ==========

  Space group: Fd-3m (227)
  Number of symmetry operations of the primitive cell = 48


  ---------------------------------------------------------
         List of primitive cell translation vectors        
  ---------------------------------------------------------

  ┌────────┬───────────────────┬──────────────────────────┐
  │ Cell # │   Shift  vector   │        Atom index        │
  │        │ (Primitive basis) │(Numbers in the supercell)│
  ├────────┼───────────────────┼──────────────────────────┤
  │      1 │   (   0  0  0 )   │    1    9                │
  ├────────┼───────────────────┼──────────────────────────┤
  │      2 │   (   1  1 -1 )   │    2   10                │
  ├────────┼───────────────────┼──────────────────────────┤
  │      3 │   (   1  0  0 )   │    3   11                │
  ├────────┼───────────────────┼──────────────────────────┤
  │      4 │   (   0 -1  1 )   │    4   12                │
  ├────────┼───────────────────┼──────────────────────────┤
  │      5 │   (   1 -1  1 )   │    5   13                │
  ├────────┼───────────────────┼──────────────────────────┤
  │      6 │   (   2  0  0 )   │    6   14                │
  ├────────┼───────────────────┼──────────────────────────┤
  │      7 │   (   0  1 -1 )   │    7   15                │
  ├────────┼───────────────────┼──────────────────────────┤
  │      8 │   (  -1  0  0 )   │    8   16                │
  ├────────┼───────────────────┼──────────────────────────┤
  │      9 │   (   0  1  0 )   │   17   25                │
  ├────────┼───────────────────┼──────────────────────────┤
  │     10 │   (  -1  0  1 )   │   18   26                │
  ├────────┼───────────────────┼──────────────────────────┤
  │     11 │   (   0  0  1 )   │   19   27                │
  ├────────┼───────────────────┼──────────────────────────┤
  │     12 │   (   1  1  0 )   │   20   28                │
  ├────────┼───────────────────┼──────────────────────────┤
  │     13 │   (   1  0  1 )   │   21   29                │
  ├────────┼───────────────────┼──────────────────────────┤
  │     14 │   (   0 -1  2 )   │   22   30                │
  ├────────┼───────────────────┼──────────────────────────┤
  │     15 │   (  -1  1  0 )   │   23   31                │
  ├────────┼───────────────────┼──────────────────────────┤
  │     16 │   (   0  2 -1 )   │   24   32                │
  ├────────┼───────────────────┼──────────────────────────┤
  │     17 │   (  -1  1  1 )   │   33   41                │
  ├────────┼───────────────────┼──────────────────────────┤
  │     18 │   (   0  2  0 )   │   34   42                │
  ├────────┼───────────────────┼──────────────────────────┤
  │     19 │   (   0  1  1 )   │   35   43                │
  ├────────┼───────────────────┼──────────────────────────┤
  │     20 │   (  -1  0  2 )   │   36   44                │
  ├────────┼───────────────────┼──────────────────────────┤
  │     21 │   (   0  0  2 )   │   37   45                │
  ├────────┼───────────────────┼──────────────────────────┤
  │     22 │   (   1  1  1 )   │   38   46                │
  ├────────┼───────────────────┼──────────────────────────┤
  │     23 │   (  -1  2  0 )   │   39   47                │
  ├────────┼───────────────────┼──────────────────────────┤
  │     24 │   (  -2  1  1 )   │   40   48                │
  ├────────┼───────────────────┼──────────────────────────┤
  │     25 │   (   1  0 -1 )   │   49   57                │
  ├────────┼───────────────────┼──────────────────────────┤
  │     26 │   (   0 -1  0 )   │   50   58                │
  ├────────┼───────────────────┼──────────────────────────┤
  │     27 │   (   1 -1  0 )   │   51   59                │
  ├────────┼───────────────────┼──────────────────────────┤
  │     28 │   (   2  0 -1 )   │   52   60                │
  ├────────┼───────────────────┼──────────────────────────┤
  │     29 │   (   2 -1  0 )   │   53   61                │
  ├────────┼───────────────────┼──────────────────────────┤
  │     30 │   (   1 -2  1 )   │   54   62                │
  ├────────┼───────────────────┼──────────────────────────┤
  │     31 │   (   0  0 -1 )   │   55   63                │
  ├────────┼───────────────────┼──────────────────────────┤
  │     32 │   (   1  1 -2 )   │   56   64                │
  └────────┴───────────────────┴──────────────────────────┘

  Time Elapsed: 0.043899 sec.

 -------------------------------------------------------------------

 =============
  INTERACTION 
 =============

check permutation symmetry of the clusters.
(if no message is printed out, the permutation symmetry is satisfied.)
done.

  +++ Cutoff Radii Matrix (NKD x NKD matrix) +++
   HARMONIC
     None


  List of neighboring atoms below.
  Format [N th-nearest shell, distance (Number of atoms on the shell)]

    1 ( Si):   1   4.44405 (  4) -   9( Si)  16( Si)  58( Si)  63( Si)
               2   7.25711 ( 12) -   3( Si)   4( Si)   7( Si)   8( Si)
                                    17( Si)  18( Si)  19( Si)  23( Si)
                                    49( Si)  50( Si)  51( Si)  55( Si)
               3   8.50972 ( 12) -  10( Si)  12( Si)  13( Si)  15( Si)
                                    26( Si)  31( Si)  41( Si)  48( Si)
                                    57( Si)  59( Si)  62( Si)  64( Si)
               4   10.2631 (  3) -   2( Si)   5( Si)  33( Si)
               5    11.184 ( 12) -  11( Si)  14( Si)  25( Si)  27( Si)
                                    30( Si)  32( Si)  42( Si)  44( Si)
                                    45( Si)  47( Si)  60( Si)  61( Si)
               6   12.5697 ( 12) -  20( Si)  21( Si)  22( Si)  24( Si)
                                    35( Si)  36( Si)  39( Si)  40( Si)
                                    52( Si)  53( Si)  54( Si)  56( Si)
               7   13.3322 (  4) -  28( Si)  29( Si)  43( Si)  46( Si)
               8   14.5142 (  3) -   6( Si)  34( Si)  37( Si)
               9   17.7762 (  1) -  38( Si)

    9 ( Si):   1   4.44405 (  4) -   1( Si)   3( Si)  17( Si)  19( Si)
               2   7.25711 ( 12) -  11( Si)  12( Si)  15( Si)  16( Si)
                                    25( Si)  26( Si)  27( Si)  31( Si)
                                    57( Si)  58( Si)  59( Si)  63( Si)
               3   8.50972 ( 12) -   2( Si)   4( Si)   5( Si)   7( Si)
                                    18( Si)  20( Si)  21( Si)  23( Si)
                                    33( Si)  35( Si)  49( Si)  51( Si)
               4   10.2631 (  3) -  10( Si)  13( Si)  41( Si)
               5    11.184 ( 12) -   6( Si)   8( Si)  22( Si)  24( Si)
                                    34( Si)  36( Si)  37( Si)  39( Si)
                                    50( Si)  52( Si)  53( Si)  55( Si)
               6   12.5697 ( 12) -  28( Si)  29( Si)  30( Si)  32( Si)
                                    43( Si)  44( Si)  47( Si)  48( Si)
                                    60( Si)  61( Si)  62( Si)  64( Si)
               7   13.3322 (  4) -  38( Si)  40( Si)  54( Si)  56( Si)
               8   14.5142 (  3) -  14( Si)  42( Si)  45( Si)
               9   17.7762 (  1) -  46( Si)

  Time Elapsed: 0.050834 sec.

 -------------------------------------------------------------------

 ================
  FORCE CONSTANT 
 ================

  Symmetry is handled in crystallographic (fractional) coordinates.

  Number of  HARMONIC FCs : 26

  Time Elapsed: 0.052556 sec.

 -------------------------------------------------------------------

 ============
  CONSTRAINT 
 ============

  ICONST = 1: Constraints for translational invariance
              will be considered.

  Generating constraints for translational invariance ...
   HARMONIC ... done.
  Finished !

  Constraint reduction (merge + rank reduction + mapping) took 0.000 sec.

  Number of constraints [T-inv, R-inv (self), R-inv (cross)]:
   HARMONIC      1    0    0

  Constraints of T-inv and R-inv (self) are merged.
  If there are redundant constraints, they are removed in this process.

  Number of inequivalent constraints (self, cross) : 
   HARMONIC      1    0

  ICONST >= 10 : Constraints will be considered algebraically.

  Number of free HARMONIC FCs : 25

  Time Elapsed: 0.052937 sec.

 -------------------------------------------------------------------

 ==============
  OPTIMIZATION 
 ==============

  LMODEL = least-squares

  Training data file (DFSET) : DFSET_harmonic

  NSTART = 1; NEND = 1
  1 entries will be used for training.

  Total Number of Parameters : 26
  Total Number of Free Parameters : 25

  Calculate the sensing matrix A using dense data type
  At least 0.000 GiB of memory will be allocated.
  Entering fitting routine: SVD with constraints considered algebraically.
  SVD has started ... finished !

  RANK of the matrix = 25

  Residual sum of squares for the solution: 0.000
  Fitting error (%) : 0.564

  Time Elapsed: 0.055 sec.

 -------------------------------------------------------------------

 The following files are created:

 Force constants in a human-readable format : si222_harmonic.fcs
 Input data for the phonon code ANPHON      : si222_harmonic.xml
 Input data for the phonon code ANPHON      : si222_harmonic.h5

 Job finished at Sat Jul  4 12:51:03 2026

